<?php return array (
  0 => 'Symfony\\Bundle\\FrameworkBundle\\Controller\\AbstractController',
  1 => 'App\\Controller\\AbonneController',
  2 => 'App\\Controller\\AboutController',
  3 => 'App\\Controller\\AccueilController',
  4 => 'App\\Controller\\AdminAddAccountController',
  5 => 'App\\Controller\\AdminBureauController',
  6 => 'App\\Controller\\AdminDemandePartenariatController',
  7 => 'App\\Controller\\AdminEmploisController',
  8 => 'App\\Controller\\AdminEntrepriseController',
  9 => 'App\\Controller\\AdminEvenementController',
  10 => 'App\\Controller\\AdminMembreController',
  11 => 'App\\Controller\\AdminPageAboutController',
  12 => 'App\\Controller\\AdminPageAccueilController',
  13 => 'App\\Controller\\AdminPartenaireController',
  14 => 'App\\Controller\\AgendaController',
  15 => 'App\\Controller\\AgendaDetailsController',
  16 => 'App\\Controller\\AnnuaireController',
  17 => 'App\\Controller\\BlogController',
  18 => 'App\\Controller\\CategorieArticleController',
  19 => 'App\\Controller\\CategorieEvenementController',
  20 => 'App\\Controller\\CategorieProduitController',
  21 => 'App\\Controller\\CommandeController',
  22 => 'App\\Controller\\CotisationController',
  23 => 'App\\Controller\\DemandeController',
  24 => 'App\\Controller\\DemandePartenariatController',
  25 => 'App\\Controller\\DepotAdminController',
  26 => 'App\\Controller\\EmploisController',
  27 => 'App\\Controller\\EmploisDetailsController',
  28 => 'App\\Controller\\FooterController',
  29 => 'App\\Controller\\ForumController',
  30 => 'App\\Controller\\LoginController',
  31 => 'App\\Controller\\LookingForJobController',
  32 => 'App\\Controller\\MembreEmploisController',
  33 => 'App\\Controller\\MembreEntrepriseController',
  34 => 'App\\Controller\\MembreProfileController',
  35 => 'App\\Controller\\NewsletterController',
  36 => 'App\\Controller\\PanierController',
  37 => 'App\\Controller\\ProduitAdminController',
  38 => 'App\\Controller\\RegisterController',
  39 => 'App\\Controller\\ResetPasswordController',
  40 => 'App\\Controller\\SecurityController',
  41 => 'App\\Controller\\ShopController',
  42 => 'App\\Controller\\SocialsController',
  43 => 'App\\Controller\\ThematiqueController',
  44 => 'App\\Controller\\WalletController',
  45 => 'App\\Entity\\Abonne',
  46 => 'App\\Entity\\Achat',
  47 => 'App\\Entity\\Admin',
  48 => 'App\\Entity\\Article',
  49 => 'App\\Entity\\CategorieArticle',
  50 => 'App\\Entity\\CategorieEvenement',
  51 => 'App\\Entity\\CategorieProduit',
  52 => 'App\\Entity\\Client',
  53 => 'App\\Entity\\Commande',
  54 => 'App\\Entity\\Commentaire',
  55 => 'App\\Entity\\Cotisation',
  56 => 'App\\Entity\\CotisationTransaction',
  57 => 'App\\Entity\\Demande',
  58 => 'App\\Entity\\Depot',
  59 => 'App\\Entity\\DetailCommande',
  60 => 'App\\Entity\\Entreprise',
  61 => 'App\\Entity\\Evenement',
  62 => 'App\\Entity\\Footer',
  63 => 'App\\Entity\\Image',
  64 => 'App\\Entity\\Letter',
  65 => 'App\\Entity\\Membre',
  66 => 'App\\Entity\\MembreBureau',
  67 => 'App\\Entity\\OffreEmplois',
  68 => 'App\\Entity\\PageAbout',
  69 => 'App\\Entity\\PageAccueil',
  70 => 'App\\Entity\\Partenaire',
  71 => 'App\\Entity\\Partenariat',
  72 => 'App\\Entity\\PostesBureau',
  73 => 'App\\Entity\\Produit',
  74 => 'App\\Entity\\Realisation',
  75 => 'App\\Entity\\ResetPassword',
  76 => 'App\\Entity\\Sujet',
  77 => 'App\\Entity\\SuperAdmin',
  78 => 'App\\Entity\\Thematique',
  79 => 'App\\Entity\\Transaction',
  80 => 'App\\Entity\\User',
  81 => 'App\\Entity\\Wallet',
  82 => 'Doctrine\\Bundle\\DoctrineBundle\\Controller\\ProfilerController',
  83 => 'Doctrine\\ORM\\Cache\\Persister\\Entity\\AbstractEntityPersister',
  84 => 'Doctrine\\ORM\\Cache\\Persister\\Entity\\CachedEntityPersister',
  85 => 'Doctrine\\ORM\\Cache\\Persister\\Entity\\NonStrictReadWriteCachedEntityPersister',
  86 => 'Doctrine\\ORM\\Cache\\Persister\\Entity\\ReadOnlyCachedEntityPersister',
  87 => 'Doctrine\\ORM\\Cache\\Persister\\Entity\\ReadWriteCachedEntityPersister',
  88 => 'Doctrine\\ORM\\Persisters\\Entity\\AbstractEntityInheritancePersister',
  89 => 'Doctrine\\ORM\\Persisters\\Entity\\BasicEntityPersister',
  90 => 'Doctrine\\ORM\\Persisters\\Entity\\CachedPersisterContext',
  91 => 'Doctrine\\ORM\\Persisters\\Entity\\EntityPersister',
  92 => 'Doctrine\\ORM\\Persisters\\Entity\\JoinedSubclassPersister',
  93 => 'Doctrine\\ORM\\Persisters\\Entity\\SingleTablePersister',
  95 => 'Symfony\\Bundle\\FrameworkBundle\\Controller\\ControllerResolver',
  96 => 'Symfony\\Bundle\\FrameworkBundle\\Controller\\RedirectController',
  97 => 'Symfony\\Bundle\\FrameworkBundle\\Controller\\TemplateController',
  98 => 'Symfony\\Bundle\\WebProfilerBundle\\Controller\\ExceptionPanelController',
  99 => 'Symfony\\Bundle\\WebProfilerBundle\\Controller\\ProfilerController',
  100 => 'Symfony\\Bundle\\WebProfilerBundle\\Controller\\RouterController',
  101 => 'Symfony\\Component\\HttpKernel\\Controller\\ArgumentResolver',
  102 => 'Symfony\\Component\\HttpKernel\\Controller\\ArgumentResolverInterface',
  103 => 'Symfony\\Component\\HttpKernel\\Controller\\ArgumentResolver\\DefaultValueResolver',
  104 => 'Symfony\\Component\\HttpKernel\\Controller\\ArgumentResolver\\NotTaggedControllerValueResolver',
  105 => 'Symfony\\Component\\HttpKernel\\Controller\\ArgumentResolver\\RequestAttributeValueResolver',
  106 => 'Symfony\\Component\\HttpKernel\\Controller\\ArgumentResolver\\RequestValueResolver',
  107 => 'Symfony\\Component\\HttpKernel\\Controller\\ArgumentResolver\\ServiceValueResolver',
  108 => 'Symfony\\Component\\HttpKernel\\Controller\\ArgumentResolver\\SessionValueResolver',
  109 => 'Symfony\\Component\\HttpKernel\\Controller\\ArgumentResolver\\TraceableValueResolver',
  110 => 'Symfony\\Component\\HttpKernel\\Controller\\ArgumentResolver\\VariadicValueResolver',
  111 => 'Symfony\\Component\\HttpKernel\\Controller\\ArgumentValueResolverInterface',
  112 => 'Symfony\\Component\\HttpKernel\\Controller\\ContainerControllerResolver',
  113 => 'Symfony\\Component\\HttpKernel\\Controller\\ControllerReference',
  114 => 'Symfony\\Component\\HttpKernel\\Controller\\ControllerResolver',
  115 => 'Symfony\\Component\\HttpKernel\\Controller\\ControllerResolverInterface',
  116 => 'Symfony\\Component\\HttpKernel\\Controller\\ErrorController',
  117 => 'Symfony\\Component\\HttpKernel\\Controller\\TraceableArgumentResolver',
  118 => 'Symfony\\Component\\HttpKernel\\Controller\\TraceableControllerResolver',
  119 => 'Symfony\\Component\\Security\\Http\\Controller\\UserValueResolver',
);